

================================================================
== Vivado HLS Report for 'acos'
================================================================
* Date:           Thu Aug 15 16:48:48 2019

* Version:        2018.2 (Build 2258646 on Thu Jun 14 20:25:20 MDT 2018)
* Project:        met
* Solution:       solution_test
* Product family: virtexuplus
* Target device:  xcvu9p-flga2104-2l-e


================================================================
== Performance Estimates
================================================================
+ Timing (ns): 
    * Summary: 
    +--------+-------+----------+------------+
    |  Clock | Target| Estimated| Uncertainty|
    +--------+-------+----------+------------+
    |ap_clk  |   5.00|     4.152|        0.62|
    +--------+-------+----------+------------+

+ Latency (clock cycles): 
    * Summary: 
    +-----+-----+-----+-----+----------+
    |  Latency  |  Interval | Pipeline |
    | min | max | min | max |   Type   |
    +-----+-----+-----+-----+----------+
    |   17|   17|    1|    1| function |
    +-----+-----+-----+-----+----------+

    + Detail: 
        * Instance: 
        N/A

        * Loop: 
        N/A



================================================================
== Utilization Estimates
================================================================
* Summary: 
+-----------------+---------+-------+---------+---------+-----+
|       Name      | BRAM_18K| DSP48E|    FF   |   LUT   | URAM|
+-----------------+---------+-------+---------+---------+-----+
|DSP              |        -|      -|        -|        -|    -|
|Expression       |        -|      -|        0|      519|    -|
|FIFO             |        -|      -|        -|        -|    -|
|Instance         |        -|      8|      592|      524|    -|
|Memory           |        2|      -|        0|        0|    -|
|Multiplexer      |        -|      -|        -|        -|    -|
|Register         |        -|      -|      125|        -|    -|
+-----------------+---------+-------+---------+---------+-----+
|Total            |        2|      8|      717|     1043|    0|
+-----------------+---------+-------+---------+---------+-----+
|Available        |     4320|   6840|  2364480|  1182240|  960|
+-----------------+---------+-------+---------+---------+-----+
|Utilization (%)  |    ~0   |   ~0  |    ~0   |    ~0   |    0|
+-----------------+---------+-------+---------+---------+-----+

+ Detail: 
    * Instance: 
    +--------------------------+----------------------+---------+-------+-----+-----+
    |         Instance         |        Module        | BRAM_18K| DSP48E|  FF | LUT |
    +--------------------------+----------------------+---------+-------+-----+-----+
    |MET_hw_fadd_32ns_fYi_U74  |MET_hw_fadd_32ns_fYi  |        0|      2|  306|  246|
    |MET_hw_fmul_32ns_g8j_U75  |MET_hw_fmul_32ns_g8j  |        0|      3|  143|  139|
    |MET_hw_fmul_32ns_g8j_U76  |MET_hw_fmul_32ns_g8j  |        0|      3|  143|  139|
    +--------------------------+----------------------+---------+-------+-----+-----+
    |Total                     |                      |        0|      8|  592|  524|
    +--------------------------+----------------------+---------+-------+-----+-----+

    * DSP48: 
    N/A

    * Memory: 
    +---------------+------------------+---------+---+----+------+-----+------+-------------+
    |     Memory    |      Module      | BRAM_18K| FF| LUT| Words| Bits| Banks| W*Bits*Banks|
    +---------------+------------------+---------+---+----+------+-----+------+-------------+
    |acos_table2_U  |acos_acos_table2  |        2|  0|   0|  1024|   32|     1|        32768|
    +---------------+------------------+---------+---+----+------+-----+------+-------------+
    |Total          |                  |        2|  0|   0|  1024|   32|     1|        32768|
    +---------------+------------------+---------+---+----+------+-----+------+-------------+

    * FIFO: 
    N/A

    * Expression: 
    +-----------------------------+----------+-------+---+-----+------------+------------+
    |        Variable Name        | Operation| DSP48E| FF| LUT | Bitwidth P0| Bitwidth P1|
    +-----------------------------+----------+-------+---+-----+------------+------------+
    |sh_assign_fu_144_p2          |     +    |      0|  0|   16|           8|           9|
    |p_Val2_6_i_i_i_fu_230_p2     |     -    |      0|  0|   39|           1|          32|
    |tmp_5_i_i_i_fu_158_p2        |     -    |      0|  0|   15|           7|           8|
    |ap_block_pp0_stage0_11001    |    and   |      0|  0|    2|           1|           1|
    |icmp_fu_278_p2               |   icmp   |      0|  0|   20|          21|           1|
    |tmp_8_i_i_i_fu_188_p2        |   lshr   |      0|  0|   66|          25|          25|
    |ap_block_pp0_stage0_subdone  |    or    |      0|  0|    2|           1|           1|
    |index_1_fu_284_p3            |  select  |      0|  0|   10|           1|           2|
    |p_Val2_3_fu_222_p3           |  select  |      0|  0|   32|           1|          32|
    |p_Val2_s_fu_236_p3           |  select  |      0|  0|   32|           1|          32|
    |p_s_fu_256_p3                |  select  |      0|  0|   31|           1|           1|
    |sh_assign_1_fu_168_p3        |  select  |      0|  0|    9|           1|           9|
    |tmp_i_i_i_fu_194_p2          |    shl   |      0|  0|  243|          79|          79|
    |ap_enable_pp0                |    xor   |      0|  0|    2|           1|           2|
    +-----------------------------+----------+-------+---+-----+------------+------------+
    |Total                        |          |      0|  0|  519|         149|         234|
    +-----------------------------+----------+-------+---+-----+------------+------------+

    * Multiplexer: 
    N/A

    * Register: 
    +--------------------------+----+----+-----+-----------+
    |           Name           | FF | LUT| Bits| Const Bits|
    +--------------------------+----+----+-----+-----------+
    |ap_CS_fsm                 |   1|   0|    1|          0|
    |ap_enable_reg_pp0_iter1   |   1|   0|    1|          0|
    |ap_enable_reg_pp0_iter10  |   1|   0|    1|          0|
    |ap_enable_reg_pp0_iter11  |   1|   0|    1|          0|
    |ap_enable_reg_pp0_iter12  |   1|   0|    1|          0|
    |ap_enable_reg_pp0_iter13  |   1|   0|    1|          0|
    |ap_enable_reg_pp0_iter14  |   1|   0|    1|          0|
    |ap_enable_reg_pp0_iter15  |   1|   0|    1|          0|
    |ap_enable_reg_pp0_iter16  |   1|   0|    1|          0|
    |ap_enable_reg_pp0_iter17  |   1|   0|    1|          0|
    |ap_enable_reg_pp0_iter2   |   1|   0|    1|          0|
    |ap_enable_reg_pp0_iter3   |   1|   0|    1|          0|
    |ap_enable_reg_pp0_iter4   |   1|   0|    1|          0|
    |ap_enable_reg_pp0_iter5   |   1|   0|    1|          0|
    |ap_enable_reg_pp0_iter6   |   1|   0|    1|          0|
    |ap_enable_reg_pp0_iter7   |   1|   0|    1|          0|
    |ap_enable_reg_pp0_iter8   |   1|   0|    1|          0|
    |ap_enable_reg_pp0_iter9   |   1|   0|    1|          0|
    |icmp_reg_320              |   1|   0|    1|          0|
    |tmp_10_reg_315            |  10|   0|   10|          0|
    |tmp_reg_300               |  32|   0|   32|          0|
    |tmp_s_reg_305             |  32|   0|   32|          0|
    |x_assign_reg_310          |  32|   0|   32|          0|
    +--------------------------+----+----+-----+-----------+
    |Total                     | 125|   0|  125|          0|
    +--------------------------+----+----+-----+-----------+



================================================================
== Interface
================================================================
* Summary: 
+-----------+-----+-----+------------+--------------+--------------+
| RTL Ports | Dir | Bits|  Protocol  | Source Object|    C Type    |
+-----------+-----+-----+------------+--------------+--------------+
|ap_clk     |  in |    1| ap_ctrl_hs |     acos     | return value |
|ap_rst     |  in |    1| ap_ctrl_hs |     acos     | return value |
|ap_start   |  in |    1| ap_ctrl_hs |     acos     | return value |
|ap_done    | out |    1| ap_ctrl_hs |     acos     | return value |
|ap_idle    | out |    1| ap_ctrl_hs |     acos     | return value |
|ap_ready   | out |    1| ap_ctrl_hs |     acos     | return value |
|ap_ce      |  in |    1| ap_ctrl_hs |     acos     | return value |
|ap_return  | out |   32| ap_ctrl_hs |     acos     | return value |
|data_read  |  in |   32|   ap_none  |   data_read  |    scalar    |
+-----------+-----+-----+------------+--------------+--------------+

