

================================================================
== Vivado HLS Report for 'Sin'
================================================================
* Date:           Mon Aug 26 17:25:33 2019

* Version:        2018.2 (Build 2258646 on Thu Jun 14 20:25:20 MDT 2018)
* Project:        met
* Solution:       sin_test
* Product family: virtexuplus
* Target device:  xcvu9p-flga2104-2l-e


================================================================
== Performance Estimates
================================================================
+ Timing (ns): 
    * Summary: 
    +--------+-------+----------+------------+
    |  Clock | Target| Estimated| Uncertainty|
    +--------+-------+----------+------------+
    |ap_clk  |   5.00|     3.936|        0.62|
    +--------+-------+----------+------------+

+ Latency (clock cycles): 
    * Summary: 
    +-----+-----+-----+-----+----------+
    |  Latency  |  Interval | Pipeline |
    | min | max | min | max |   Type   |
    +-----+-----+-----+-----+----------+
    |    9|    9|    5|    5| function |
    +-----+-----+-----+-----+----------+

    + Detail: 
        * Instance: 
        N/A

        * Loop: 
        N/A



================================================================
== Utilization Estimates
================================================================
* Summary: 
+-----------------+---------+-------+---------+---------+-----+
|       Name      | BRAM_18K| DSP48E|    FF   |   LUT   | URAM|
+-----------------+---------+-------+---------+---------+-----+
|DSP              |        -|     10|        -|        -|    -|
|Expression       |        -|     30|        0|     3814|    -|
|FIFO             |        -|      -|        -|        -|    -|
|Instance         |        -|      -|        -|        -|    -|
|Memory           |        1|      -|        0|        0|    -|
|Multiplexer      |        -|      -|        -|      306|    -|
|Register         |        -|      -|     1037|        -|    -|
+-----------------+---------+-------+---------+---------+-----+
|Total            |        1|     40|     1037|     4120|    0|
+-----------------+---------+-------+---------+---------+-----+
|Available        |     4320|   6840|  2364480|  1182240|  960|
+-----------------+---------+-------+---------+---------+-----+
|Utilization (%)  |    ~0   |   ~0  |    ~0   |    ~0   |    0|
+-----------------+---------+-------+---------+---------+-----+

+ Detail: 
    * Instance: 
    N/A

    * DSP48: 
    +--------------------------+----------------------+-----------+
    |         Instance         |        Module        | Expression|
    +--------------------------+----------------------+-----------+
    |SIN_hw_mul_mul_9nbkb_U1   |SIN_hw_mul_mul_9nbkb  |  i0 * i1  |
    |SIN_hw_mul_mul_9nbkb_U2   |SIN_hw_mul_mul_9nbkb  |  i0 * i1  |
    |SIN_hw_mul_mul_9nbkb_U3   |SIN_hw_mul_mul_9nbkb  |  i0 * i1  |
    |SIN_hw_mul_mul_9nbkb_U4   |SIN_hw_mul_mul_9nbkb  |  i0 * i1  |
    |SIN_hw_mul_mul_9nbkb_U5   |SIN_hw_mul_mul_9nbkb  |  i0 * i1  |
    |SIN_hw_mul_mul_9nbkb_U6   |SIN_hw_mul_mul_9nbkb  |  i0 * i1  |
    |SIN_hw_mul_mul_9nbkb_U7   |SIN_hw_mul_mul_9nbkb  |  i0 * i1  |
    |SIN_hw_mul_mul_9nbkb_U8   |SIN_hw_mul_mul_9nbkb  |  i0 * i1  |
    |SIN_hw_mul_mul_9nbkb_U9   |SIN_hw_mul_mul_9nbkb  |  i0 * i1  |
    |SIN_hw_mul_mul_9nbkb_U10  |SIN_hw_mul_mul_9nbkb  |  i0 * i1  |
    +--------------------------+----------------------+-----------+

    * Memory: 
    +--------------+----------------+---------+---+----+------+-----+------+-------------+
    |    Memory    |     Module     | BRAM_18K| FF| LUT| Words| Bits| Banks| W*Bits*Banks|
    +--------------+----------------+---------+---+----+------+-----+------+-------------+
    |sin_table1_U  |Sin_sin_table1  |        1|  0|   0|  1024|   11|     1|        11264|
    +--------------+----------------+---------+---+----+------+-----+------+-------------+
    |Total         |                |        1|  0|   0|  1024|   11|     1|        11264|
    +--------------+----------------+---------+---+----+------+-----+------+-------------+

    * FIFO: 
    N/A

    * Expression: 
    +---------------------------+----------+-------+---+----+------------+------------+
    |       Variable Name       | Operation| DSP48E| FF| LUT| Bitwidth P0| Bitwidth P1|
    +---------------------------+----------+-------+---+----+------------+------------+
    |mul1_fu_462_p2             |     *    |      3|  0|  20|          32|          31|
    |mul2_fu_2184_p2            |     *    |      3|  0|  20|          32|          31|
    |mul3_fu_515_p2             |     *    |      3|  0|  20|          32|          31|
    |mul4_fu_862_p2             |     *    |      3|  0|  20|          32|          31|
    |mul5_fu_915_p2             |     *    |      3|  0|  20|          32|          31|
    |mul6_fu_1296_p2            |     *    |      3|  0|  20|          32|          31|
    |mul7_fu_1349_p2            |     *    |      3|  0|  20|          32|          31|
    |mul8_fu_1740_p2            |     *    |      3|  0|  20|          32|          31|
    |mul9_fu_1793_p2            |     *    |      3|  0|  20|          32|          31|
    |mul_fu_2237_p2             |     *    |      3|  0|  20|          32|          31|
    |p_Val2_2_1_fu_497_p2       |     +    |      0|  0|  25|          15|          18|
    |p_Val2_2_2_fu_844_p2       |     +    |      0|  0|  25|          15|          18|
    |p_Val2_2_3_fu_897_p2       |     +    |      0|  0|  25|          15|          18|
    |p_Val2_2_4_fu_1278_p2      |     +    |      0|  0|  25|          15|          18|
    |p_Val2_2_5_fu_1331_p2      |     +    |      0|  0|  25|          15|          18|
    |p_Val2_2_6_fu_1722_p2      |     +    |      0|  0|  25|          15|          18|
    |p_Val2_2_7_fu_1775_p2      |     +    |      0|  0|  25|          15|          18|
    |p_Val2_2_8_fu_2166_p2      |     +    |      0|  0|  25|          15|          18|
    |p_Val2_2_9_fu_2219_p2      |     +    |      0|  0|  25|          15|          18|
    |p_Val2_2_fu_444_p2         |     +    |      0|  0|  25|          15|          18|
    |ret_V_1_1_fu_781_p2        |     +    |      0|  0|  36|           1|          29|
    |ret_V_1_2_fu_1081_p2       |     +    |      0|  0|  36|           1|          29|
    |ret_V_1_3_fu_1215_p2       |     +    |      0|  0|  36|           1|          29|
    |ret_V_1_4_fu_1525_p2       |     +    |      0|  0|  36|           1|          29|
    |ret_V_1_5_fu_1659_p2       |     +    |      0|  0|  36|           1|          29|
    |ret_V_1_6_fu_1969_p2       |     +    |      0|  0|  36|           1|          29|
    |ret_V_1_7_fu_2103_p2       |     +    |      0|  0|  36|           1|          29|
    |ret_V_1_8_fu_2387_p2       |     +    |      0|  0|  36|           1|          29|
    |ret_V_1_9_fu_2521_p2       |     +    |      0|  0|  36|           1|          29|
    |ret_V_1_fu_647_p2          |     +    |      0|  0|  36|           1|          29|
    |neg_mul1_fu_565_p2         |     -    |      0|  0|  70|           1|          63|
    |neg_mul2_fu_699_p2         |     -    |      0|  0|  70|           1|          63|
    |neg_mul3_fu_2305_p2        |     -    |      0|  0|  70|           1|          63|
    |neg_mul4_fu_999_p2         |     -    |      0|  0|  70|           1|          63|
    |neg_mul5_fu_1133_p2        |     -    |      0|  0|  70|           1|          63|
    |neg_mul6_fu_1443_p2        |     -    |      0|  0|  70|           1|          63|
    |neg_mul7_fu_1577_p2        |     -    |      0|  0|  70|           1|          63|
    |neg_mul8_fu_1887_p2        |     -    |      0|  0|  70|           1|          63|
    |neg_mul9_fu_2021_p2        |     -    |      0|  0|  70|           1|          63|
    |neg_mul_fu_2439_p2         |     -    |      0|  0|  70|           1|          63|
    |neg_ti1_fu_594_p2          |     -    |      0|  0|  38|           1|          31|
    |neg_ti2_fu_728_p2          |     -    |      0|  0|  38|           1|          31|
    |neg_ti3_fu_1028_p2         |     -    |      0|  0|  38|           1|          31|
    |neg_ti4_fu_1162_p2         |     -    |      0|  0|  38|           1|          31|
    |neg_ti5_fu_1472_p2         |     -    |      0|  0|  38|           1|          31|
    |neg_ti6_fu_1606_p2         |     -    |      0|  0|  38|           1|          31|
    |neg_ti7_fu_1916_p2         |     -    |      0|  0|  38|           1|          31|
    |neg_ti8_fu_2334_p2         |     -    |      0|  0|  38|           1|          31|
    |neg_ti9_fu_2050_p2         |     -    |      0|  0|  38|           1|          31|
    |neg_ti_fu_2468_p2          |     -    |      0|  0|  38|           1|          31|
    |ap_block_pp0_stage0_11001  |    and   |      0|  0|   2|           1|           1|
    |icmp1_fu_982_p2            |   icmp   |      0|  0|  20|          19|           1|
    |icmp2_fu_1409_p2           |   icmp   |      0|  0|  20|          19|           1|
    |icmp3_fu_1426_p2           |   icmp   |      0|  0|  20|          19|           1|
    |icmp4_fu_1853_p2           |   icmp   |      0|  0|  20|          19|           1|
    |icmp5_fu_1870_p2           |   icmp   |      0|  0|  20|          19|           1|
    |icmp6_fu_2271_p2           |   icmp   |      0|  0|  20|          19|           1|
    |icmp7_fu_2288_p2           |   icmp   |      0|  0|  20|          19|           1|
    |icmp8_fu_2583_p2           |   icmp   |      0|  0|  20|          19|           1|
    |icmp9_fu_2600_p2           |   icmp   |      0|  0|  20|          19|           1|
    |icmp_fu_965_p2             |   icmp   |      0|  0|  20|          19|           1|
    |tmp_11_1_fu_775_p2         |   icmp   |      0|  0|  13|          13|           1|
    |tmp_11_2_fu_1075_p2        |   icmp   |      0|  0|  13|          13|           1|
    |tmp_11_3_fu_1209_p2        |   icmp   |      0|  0|  13|          13|           1|
    |tmp_11_4_fu_1519_p2        |   icmp   |      0|  0|  13|          13|           1|
    |tmp_11_5_fu_1653_p2        |   icmp   |      0|  0|  13|          13|           1|
    |tmp_11_6_fu_1963_p2        |   icmp   |      0|  0|  13|          13|           1|
    |tmp_11_7_fu_2097_p2        |   icmp   |      0|  0|  13|          13|           1|
    |tmp_11_8_fu_2381_p2        |   icmp   |      0|  0|  13|          13|           1|
    |tmp_11_9_fu_2515_p2        |   icmp   |      0|  0|  13|          13|           1|
    |tmp_s_fu_641_p2            |   icmp   |      0|  0|  13|          13|           1|
    |index_1_1_fu_987_p3        |  select  |      0|  0|  10|           1|           2|
    |index_1_2_fu_1414_p3       |  select  |      0|  0|  10|           1|           2|
    |index_1_3_fu_1431_p3       |  select  |      0|  0|  10|           1|           2|
    |index_1_4_fu_1858_p3       |  select  |      0|  0|  10|           1|           2|
    |index_1_5_fu_1875_p3       |  select  |      0|  0|  10|           1|           2|
    |index_1_6_fu_2276_p3       |  select  |      0|  0|  10|           1|           2|
    |index_1_7_fu_2293_p3       |  select  |      0|  0|  10|           1|           2|
    |index_1_8_fu_2588_p3       |  select  |      0|  0|  10|           1|           2|
    |index_1_9_fu_2605_p3       |  select  |      0|  0|  10|           1|           2|
    |index_1_fu_970_p3          |  select  |      0|  0|  10|           1|           2|
    |p_1_1_fu_811_p3            |  select  |      0|  0|  29|           1|           1|
    |p_1_2_fu_1111_p3           |  select  |      0|  0|  29|           1|           1|
    |p_1_36_fu_787_p3           |  select  |      0|  0|  29|           1|          29|
    |p_1_3_fu_1245_p3           |  select  |      0|  0|  29|           1|           1|
    |p_1_4_fu_1555_p3           |  select  |      0|  0|  29|           1|           1|
    |p_1_5_fu_1689_p3           |  select  |      0|  0|  29|           1|           1|
    |p_1_6_fu_1999_p3           |  select  |      0|  0|  29|           1|           1|
    |p_1_7_fu_2133_p3           |  select  |      0|  0|  29|           1|           1|
    |p_1_8_fu_2417_p3           |  select  |      0|  0|  29|           1|           1|
    |p_1_9_fu_2551_p3           |  select  |      0|  0|  29|           1|           1|
    |p_1_fu_677_p3              |  select  |      0|  0|  29|           1|           1|
    |p_2_1_fu_795_p3            |  select  |      0|  0|  29|           1|          29|
    |p_2_2_fu_1095_p3           |  select  |      0|  0|  29|           1|          29|
    |p_2_37_fu_1087_p3          |  select  |      0|  0|  29|           1|          29|
    |p_2_3_fu_1229_p3           |  select  |      0|  0|  29|           1|          29|
    |p_2_4_fu_1539_p3           |  select  |      0|  0|  29|           1|          29|
    |p_2_5_fu_1673_p3           |  select  |      0|  0|  29|           1|          29|
    |p_2_6_fu_1983_p3           |  select  |      0|  0|  29|           1|          29|
    |p_2_7_fu_2117_p3           |  select  |      0|  0|  29|           1|          29|
    |p_2_8_fu_2401_p3           |  select  |      0|  0|  29|           1|          29|
    |p_2_9_fu_2535_p3           |  select  |      0|  0|  29|           1|          29|
    |p_2_fu_661_p3              |  select  |      0|  0|  29|           1|          29|
    |p_3_fu_1221_p3             |  select  |      0|  0|  29|           1|          29|
    |p_4_fu_1531_p3             |  select  |      0|  0|  29|           1|          29|
    |p_5_fu_1665_p3             |  select  |      0|  0|  29|           1|          29|
    |p_6_fu_1975_p3             |  select  |      0|  0|  29|           1|          29|
    |p_7_fu_2109_p3             |  select  |      0|  0|  29|           1|          29|
    |p_8_fu_2393_p3             |  select  |      0|  0|  29|           1|          29|
    |p_9_fu_2527_p3             |  select  |      0|  0|  29|           1|          29|
    |p_s_fu_653_p3              |  select  |      0|  0|  29|           1|          29|
    |tmp_10_fu_1034_p3          |  select  |      0|  0|  31|           1|          31|
    |tmp_12_fu_587_p3           |  select  |      0|  0|  31|           1|          31|
    |tmp_19_fu_1168_p3          |  select  |      0|  0|  31|           1|          31|
    |tmp_22_fu_1478_p3          |  select  |      0|  0|  31|           1|          31|
    |tmp_25_fu_1612_p3          |  select  |      0|  0|  31|           1|          31|
    |tmp_28_fu_1922_p3          |  select  |      0|  0|  31|           1|          31|
    |tmp_31_fu_2056_p3          |  select  |      0|  0|  31|           1|          31|
    |tmp_34_fu_2340_p3          |  select  |      0|  0|  31|           1|          31|
    |tmp_37_fu_2474_p3          |  select  |      0|  0|  31|           1|          31|
    |tmp_38_fu_721_p3           |  select  |      0|  0|  31|           1|          31|
    |tmp_4_fu_734_p3            |  select  |      0|  0|  31|           1|          31|
    |tmp_63_fu_1021_p3          |  select  |      0|  0|  31|           1|          31|
    |tmp_70_fu_1155_p3          |  select  |      0|  0|  31|           1|          31|
    |tmp_74_fu_1465_p3          |  select  |      0|  0|  31|           1|          31|
    |tmp_78_fu_1599_p3          |  select  |      0|  0|  31|           1|          31|
    |tmp_82_fu_1909_p3          |  select  |      0|  0|  31|           1|          31|
    |tmp_86_fu_2043_p3          |  select  |      0|  0|  31|           1|          31|
    |tmp_90_fu_2327_p3          |  select  |      0|  0|  31|           1|          31|
    |tmp_94_fu_2461_p3          |  select  |      0|  0|  31|           1|          31|
    |tmp_fu_600_p3              |  select  |      0|  0|  31|           1|          31|
    |ap_enable_pp0              |    xor   |      0|  0|   2|           1|           2|
    +---------------------------+----------+-------+---+----+------------+------------+
    |Total                      |          |     30|  0|3814|         882|        2973|
    +---------------------------+----------+-------+---+----+------------+------------+

    * Multiplexer: 
    +-------------------------+----+-----------+-----+-----------+
    |           Name          | LUT| Input Size| Bits| Total Bits|
    +-------------------------+----+-----------+-----+-----------+
    |ap_NS_fsm                |  33|          6|    1|          6|
    |ap_enable_reg_pp0_iter0  |   9|          2|    1|          2|
    |data_V_address0          |  33|          6|    4|         24|
    |data_V_address1          |  33|          6|    4|         24|
    |res_V_address0           |  33|          6|    4|         24|
    |res_V_address1           |  33|          6|    4|         24|
    |res_V_d0                 |  33|          6|   10|         60|
    |res_V_d1                 |  33|          6|   10|         60|
    |sin_table1_address0      |  33|          6|   10|         60|
    |sin_table1_address1      |  33|          6|   10|         60|
    +-------------------------+----+-----------+-----+-----------+
    |Total                    | 306|         56|   58|        344|
    +-------------------------+----+-----------+-----+-----------+

    * Register: 
    +-----------------------------+----+----+-----+-----------+
    |             Name            | FF | LUT| Bits| Const Bits|
    +-----------------------------+----+----+-----+-----------+
    |ap_CS_fsm                    |   5|   0|    5|          0|
    |ap_enable_reg_pp0_iter0_reg  |   1|   0|    1|          0|
    |ap_enable_reg_pp0_iter1      |   1|   0|    1|          0|
    |mul1_reg_2727                |  45|   0|   63|         18|
    |mul2_reg_3035                |  45|   0|   63|         18|
    |mul3_reg_2743                |  45|   0|   63|         18|
    |mul4_reg_2799                |  45|   0|   63|         18|
    |mul5_reg_2815                |  45|   0|   63|         18|
    |mul6_reg_2881                |  45|   0|   63|         18|
    |mul7_reg_2897                |  45|   0|   63|         18|
    |mul8_reg_2963                |  45|   0|   63|         18|
    |mul9_reg_2979                |  45|   0|   63|         18|
    |mul_reg_3051                 |  45|   0|   63|         18|
    |tmp_100_reg_2820             |   1|   0|    1|          0|
    |tmp_102_reg_2826             |  16|   0|   16|          0|
    |tmp_107_reg_2871             |  10|   0|   10|          0|
    |tmp_108_reg_2876             |  19|   0|   19|          0|
    |tmp_109_reg_2886             |   1|   0|    1|          0|
    |tmp_111_reg_2892             |  16|   0|   16|          0|
    |tmp_116_reg_2943             |  10|   0|   10|          0|
    |tmp_117_reg_2948             |  19|   0|   19|          0|
    |tmp_118_reg_2902             |   1|   0|    1|          0|
    |tmp_120_reg_2908             |  16|   0|   16|          0|
    |tmp_125_reg_2953             |  10|   0|   10|          0|
    |tmp_126_reg_2958             |  19|   0|   19|          0|
    |tmp_127_reg_2968             |   1|   0|    1|          0|
    |tmp_129_reg_2974             |  16|   0|   16|          0|
    |tmp_134_reg_3015             |  10|   0|   10|          0|
    |tmp_135_reg_3020             |  19|   0|   19|          0|
    |tmp_136_reg_2984             |   1|   0|    1|          0|
    |tmp_138_reg_2990             |  16|   0|   16|          0|
    |tmp_143_reg_3025             |  10|   0|   10|          0|
    |tmp_144_reg_3030             |  19|   0|   19|          0|
    |tmp_145_reg_3040             |   1|   0|    1|          0|
    |tmp_147_reg_3046             |  16|   0|   16|          0|
    |tmp_152_reg_3077             |  10|   0|   10|          0|
    |tmp_153_reg_3082             |  19|   0|   19|          0|
    |tmp_154_reg_3056             |   1|   0|    1|          0|
    |tmp_156_reg_3062             |  16|   0|   16|          0|
    |tmp_161_reg_3087             |  10|   0|   10|          0|
    |tmp_162_reg_3092             |  19|   0|   19|          0|
    |tmp_1_reg_2732               |   1|   0|    1|          0|
    |tmp_23_reg_2779              |  10|   0|   10|          0|
    |tmp_24_reg_2784              |  19|   0|   19|          0|
    |tmp_26_reg_2712              |  12|   0|   12|          0|
    |tmp_27_reg_2748              |   1|   0|    1|          0|
    |tmp_35_reg_2754              |  16|   0|   16|          0|
    |tmp_47_reg_2789              |  10|   0|   10|          0|
    |tmp_50_reg_2794              |  19|   0|   19|          0|
    |tmp_51_reg_2759              |  12|   0|   12|          0|
    |tmp_54_reg_2804              |   1|   0|    1|          0|
    |tmp_59_reg_2810              |  16|   0|   16|          0|
    |tmp_5_reg_2707               |  12|   0|   12|          0|
    |tmp_67_reg_2764              |  12|   0|   12|          0|
    |tmp_71_reg_2831              |  12|   0|   12|          0|
    |tmp_75_reg_2836              |  12|   0|   12|          0|
    |tmp_79_reg_2913              |  12|   0|   12|          0|
    |tmp_7_reg_2738               |  16|   0|   16|          0|
    |tmp_83_reg_2918              |  12|   0|   12|          0|
    |tmp_87_reg_2995              |  12|   0|   12|          0|
    |tmp_91_reg_3000              |  12|   0|   12|          0|
    |tmp_98_reg_2861              |  10|   0|   10|          0|
    |tmp_99_reg_2866              |  19|   0|   19|          0|
    +-----------------------------+----+----+-----+-----------+
    |Total                        |1037|   0| 1217|        180|
    +-----------------------------+----+----+-----+-----------+



================================================================
== Interface
================================================================
* Summary: 
+-----------------+-----+-----+------------+--------------+--------------+
|    RTL Ports    | Dir | Bits|  Protocol  | Source Object|    C Type    |
+-----------------+-----+-----+------------+--------------+--------------+
|ap_clk           |  in |    1| ap_ctrl_hs |      Sin     | return value |
|ap_rst           |  in |    1| ap_ctrl_hs |      Sin     | return value |
|ap_start         |  in |    1| ap_ctrl_hs |      Sin     | return value |
|ap_done          | out |    1| ap_ctrl_hs |      Sin     | return value |
|ap_idle          | out |    1| ap_ctrl_hs |      Sin     | return value |
|ap_ready         | out |    1| ap_ctrl_hs |      Sin     | return value |
|data_V_address0  | out |    4|  ap_memory |    data_V    |     array    |
|data_V_ce0       | out |    1|  ap_memory |    data_V    |     array    |
|data_V_q0        |  in |   18|  ap_memory |    data_V    |     array    |
|data_V_address1  | out |    4|  ap_memory |    data_V    |     array    |
|data_V_ce1       | out |    1|  ap_memory |    data_V    |     array    |
|data_V_q1        |  in |   18|  ap_memory |    data_V    |     array    |
|res_V_address0   | out |    4|  ap_memory |     res_V    |     array    |
|res_V_ce0        | out |    1|  ap_memory |     res_V    |     array    |
|res_V_we0        | out |    1|  ap_memory |     res_V    |     array    |
|res_V_d0         | out |   10|  ap_memory |     res_V    |     array    |
|res_V_address1   | out |    4|  ap_memory |     res_V    |     array    |
|res_V_ce1        | out |    1|  ap_memory |     res_V    |     array    |
|res_V_we1        | out |    1|  ap_memory |     res_V    |     array    |
|res_V_d1         | out |   10|  ap_memory |     res_V    |     array    |
+-----------------+-----+-----+------------+--------------+--------------+

