

================================================================
== Vivado HLS Report for 'pow_generic_double_s'
================================================================
* Date:           Tue May 14 06:37:23 2019

* Version:        2018.2 (Build 2258646 on Thu Jun 14 20:25:20 MDT 2018)
* Project:        met_test1
* Solution:       solution1
* Product family: virtex7
* Target device:  xc7vx690tffg1927-2


================================================================
== Performance Estimates
================================================================
+ Timing (ns): 
    * Summary: 
    +--------+-------+----------+------------+
    |  Clock | Target| Estimated| Uncertainty|
    +--------+-------+----------+------------+
    |ap_clk  |   5.00|     6.081|        0.62|
    +--------+-------+----------+------------+

+ Latency (clock cycles): 
    * Summary: 
    +-----+-----+-----+-----+----------+
    |  Latency  |  Interval | Pipeline |
    | min | max | min | max |   Type   |
    +-----+-----+-----+-----+----------+
    |   81|   81|    1|    1| function |
    +-----+-----+-----+-----+----------+

    + Detail: 
        * Instance: 
        N/A

        * Loop: 
        N/A



================================================================
== Utilization Estimates
================================================================
* Summary: 
+-----------------+---------+-------+--------+--------+
|       Name      | BRAM_18K| DSP48E|   FF   |   LUT  |
+-----------------+---------+-------+--------+--------+
|DSP              |        -|      1|       -|       -|
|Expression       |        -|      -|       0|    4347|
|FIFO             |        -|      -|       -|       -|
|Instance         |        -|    183|    5581|    2822|
|Memory           |       30|      -|       6|       6|
|Multiplexer      |        -|      -|       -|      54|
|Register         |       40|      -|   11815|    1095|
+-----------------+---------+-------+--------+--------+
|Total            |       70|    184|   17402|    8324|
+-----------------+---------+-------+--------+--------+
|Available        |     2940|   3600|  866400|  433200|
+-----------------+---------+-------+--------+--------+
|Utilization (%)  |        2|      5|       2|       1|
+-----------------+---------+-------+--------+--------+

+ Detail: 
    * Instance: 
    +--------------------------+----------------------+---------+-------+-----+-----+
    |         Instance         |        Module        | BRAM_18K| DSP48E|  FF | LUT |
    +--------------------------+----------------------+---------+-------+-----+-----+
    |MET_hw_mul_40ns_4Lf8_U45  |MET_hw_mul_40ns_4Lf8  |        0|      5|  198|   87|
    |MET_hw_mul_43ns_3Ngs_U47  |MET_hw_mul_43ns_3Ngs  |        0|      7|  316|  107|
    |MET_hw_mul_49ns_4OgC_U48  |MET_hw_mul_49ns_4OgC  |        0|      9|  334|   84|
    |MET_hw_mul_50ns_5PgM_U49  |MET_hw_mul_50ns_5PgM  |        0|      9|  340|   86|
    |MET_hw_mul_54s_6nCeG_U36  |MET_hw_mul_54s_6nCeG  |        0|      9|  424|  154|
    |MET_hw_mul_71ns_4DeQ_U37  |MET_hw_mul_71ns_4DeQ  |        0|     16|  441|  256|
    |MET_hw_mul_72ns_1Mgi_U46  |MET_hw_mul_72ns_1Mgi  |        0|     16|  441|  256|
    |MET_hw_mul_73ns_6Ee0_U38  |MET_hw_mul_73ns_6Ee0  |        0|     16|  441|  256|
    |MET_hw_mul_77ns_6JfO_U43  |MET_hw_mul_77ns_6JfO  |        0|     16|  441|  256|
    |MET_hw_mul_80ns_1KfY_U44  |MET_hw_mul_80ns_1KfY  |        0|     16|  441|  256|
    |MET_hw_mul_82ns_6IfE_U42  |MET_hw_mul_82ns_6IfE  |        0|     16|  441|  256|
    |MET_hw_mul_83ns_6Ffa_U39  |MET_hw_mul_83ns_6Ffa  |        0|     16|  441|  256|
    |MET_hw_mul_87ns_6Hfu_U41  |MET_hw_mul_87ns_6Hfu  |        0|     16|  441|  256|
    |MET_hw_mul_92ns_6Gfk_U40  |MET_hw_mul_92ns_6Gfk  |        0|     16|  441|  256|
    +--------------------------+----------------------+---------+-------+-----+-----+
    |Total                     |                      |        0|    183| 5581| 2822|
    +--------------------------+----------------------+---------+-------+-----+-----+

    * DSP48: 
    +--------------------------+----------------------+--------------+
    |         Instance         |        Module        |  Expression  |
    +--------------------------+----------------------+--------------+
    |MET_hw_mac_muladdQgW_U50  |MET_hw_mac_muladdQgW  | i0 + i1 * i2 |
    +--------------------------+----------------------+--------------+

    * Memory: 
    +-------------------------+----------------------+---------+---+----+------+-----+------+-------------+
    |          Memory         |        Module        | BRAM_18K| FF| LUT| Words| Bits| Banks| W*Bits*Banks|
    +-------------------------+----------------------+---------+---+----+------+-----+------+-------------+
    |pow_reduce_anonymo_U     |pow_generic_doublAem  |        1|  0|   0|   256|   26|     1|         6656|
    |pow_reduce_anonymo_21_U  |pow_generic_doublBew  |        2|  0|   0|   256|   42|     1|        10752|
    |pow_reduce_anonymo_20_U  |pow_generic_doublqcK  |        0|  6|   6|    64|    6|     1|          384|
    |pow_reduce_anonymo_19_U  |pow_generic_doublrcU  |        4|  0|   0|    64|  109|     1|         6976|
    |pow_reduce_anonymo_16_U  |pow_generic_doublsc4  |        3|  0|   0|    16|  105|     1|         1680|
    |pow_reduce_anonymo_17_U  |pow_generic_doubltde  |        3|  0|   0|    64|  102|     1|         6528|
    |pow_reduce_anonymo_9_U   |pow_generic_doubludo  |        3|  0|   0|    64|   97|     1|         6208|
    |pow_reduce_anonymo_12_U  |pow_generic_doublvdy  |        3|  0|   0|    64|   92|     1|         5888|
    |pow_reduce_anonymo_13_U  |pow_generic_doublwdI  |        3|  0|   0|    64|   87|     1|         5568|
    |pow_reduce_anonymo_14_U  |pow_generic_doublxdS  |        3|  0|   0|    64|   82|     1|         5248|
    |pow_reduce_anonymo_15_U  |pow_generic_doublyd2  |        3|  0|   0|    64|   77|     1|         4928|
    |pow_reduce_anonymo_18_U  |pow_generic_doublzec  |        2|  0|   0|   256|   58|     1|        14848|
    +-------------------------+----------------------+---------+---+----+------+-----+------+-------------+
    |Total                    |                      |       30|  6|   6|  1296|  883|    12|        75664|
    +-------------------------+----------------------+---------+---+----+------+-----+------+-------------+

    * FIFO: 
    N/A

    * Expression: 
    +----------------------------+----------+-------+---+-----+------------+------------+
    |        Variable Name       | Operation| DSP48E| FF| LUT | Bitwidth P0| Bitwidth P1|
    +----------------------------+----------+-------+---+-----+------------+------------+
    |b_exp_1_fu_772_p2           |     +    |      0|  0|   19|          11|          12|
    |b_exp_fu_626_p2             |     +    |      0|  0|   19|          11|          12|
    |log_sum_V_1_fu_1594_p2      |     +    |      0|  0|  109|         109|         109|
    |out_exp_V_fu_2249_p2        |     +    |      0|  0|   18|          10|          11|
    |p_Val2_108_fu_1658_p2       |     +    |      0|  0|  129|         122|         122|
    |p_Val2_109_fu_1685_p2       |     +    |      0|  0|  130|         123|         123|
    |p_Val2_11_fu_912_p2         |     +    |      0|  0|   84|          77|          77|
    |p_Val2_25_fu_2108_p2        |     +    |      0|  0|   66|           5|          59|
    |p_Val2_27_fu_2131_p2        |     +    |      0|  0|  115|         108|         108|
    |p_Val2_31_fu_995_p2         |     +    |      0|  0|  109|          82|          82|
    |p_Val2_35_fu_1063_p2        |     +    |      0|  0|  109|         102|         102|
    |p_Val2_43_fu_1154_p2        |     +    |      0|  0|  128|         121|         121|
    |p_Val2_50_fu_1244_p2        |     +    |      0|  0|  133|         126|         126|
    |p_Val2_54_fu_1990_p2        |     +    |      0|  0|   51|          44|          44|
    |p_Val2_57_fu_1334_p2        |     +    |      0|  0|  138|         131|         131|
    |p_Val2_64_fu_1424_p2        |     +    |      0|  0|  143|         136|         136|
    |p_Val2_69_fu_2067_p2        |     +    |      0|  0|   59|          52|          52|
    |p_Val2_82_cast1_fu_1691_p2  |     +    |      0|  0|  127|         120|         120|
    |p_Val2_82_cast_fu_1696_p2   |     +    |      0|  0|  128|         121|         121|
    |r_V_7_fu_1934_p2            |     +    |      0|  0|   43|          36|          36|
    |r_exp_V_fu_2173_p2          |     +    |      0|  0|   20|           2|          13|
    |tmp10_fu_1577_p2            |     +    |      0|  0|  109|          93|          93|
    |tmp11_fu_1568_p2            |     +    |      0|  0|  109|          93|          93|
    |tmp12_fu_1527_p2            |     +    |      0|  0|   90|          83|          83|
    |tmp13_fu_1981_p2            |     +    |      0|  0|   43|          36|          36|
    |tmp14_fu_2058_p2            |     +    |      0|  0|   51|          44|          44|
    |tmp8_fu_1557_p2             |     +    |      0|  0|  116|         109|         109|
    |tmp9_fu_1562_p2             |     +    |      0|  0|  110|         103|         103|
    |tmp_39_fu_1814_p2           |     +    |      0|  0|   20|           1|          13|
    |tmp_fu_1586_p2              |     +    |      0|  0|  109|         109|         109|
    |p_Val2_13_fu_925_p2         |     -    |      0|  0|   85|          78|          78|
    |p_Val2_22_fu_1857_p2        |     -    |      0|  0|   79|          72|          72|
    |p_Val2_39_fu_1096_p2        |     -    |      0|  0|  110|         103|         103|
    |p_Val2_39_i_i_fu_1012_p2    |     -    |      0|  0|  109|          82|          82|
    |p_Val2_46_fu_1186_p2        |     -    |      0|  0|  129|         122|         122|
    |p_Val2_52_fu_1276_p2        |     -    |      0|  0|  134|         127|         127|
    |p_Val2_59_fu_1366_p2        |     -    |      0|  0|  139|         132|         132|
    |p_Val2_66_fu_1489_p2        |     -    |      0|  0|  144|         137|         137|
    |p_Val2_8_fu_1627_p2         |     -    |      0|  0|  125|         118|         118|
    |ap_block_pp0_stage0_11001   |    and   |      0|  0|    2|           1|           1|
    |ap_condition_2044           |    and   |      0|  0|    2|           1|           1|
    |ap_condition_2075           |    and   |      0|  0|    2|           1|           1|
    |ap_condition_2316           |    and   |      0|  0|    2|           1|           1|
    |ap_condition_2322           |    and   |      0|  0|    2|           1|           1|
    |ap_condition_363            |    and   |      0|  0|    2|           1|           1|
    |ap_condition_3637           |    and   |      0|  0|    2|           1|           1|
    |tmp_212_i1_fu_688_p2        |    and   |      0|  0|    2|           1|           1|
    |tmp_213_i1_fu_700_p2        |    and   |      0|  0|    2|           1|           1|
    |x_is_1_fu_644_p2            |    and   |      0|  0|    2|           1|           1|
    |x_is_n1_fu_670_p2           |    and   |      0|  0|    2|           1|           1|
    |x_is_p1_fu_664_p2           |    and   |      0|  0|    2|           1|           1|
    |icmp_fu_2203_p2             |   icmp   |      0|  0|    9|           3|           1|
    |tmp_11_fu_638_p2            |   icmp   |      0|  0|   29|          52|           1|
    |tmp_12_fu_694_p2            |   icmp   |      0|  0|   13|          11|           1|
    |tmp_15_fu_734_p2            |   icmp   |      0|  0|   18|          32|           1|
    |tmp_17_fu_748_p2            |   icmp   |      0|  0|   18|          32|           1|
    |tmp_37_not_fu_714_p2        |   icmp   |      0|  0|   18|          32|           1|
    |tmp_38_fu_1801_p2           |   icmp   |      0|  0|   18|          18|           1|
    |tmp_52_fu_1769_p2           |   icmp   |      0|  0|   71|         130|         130|
    |tmp_53_fu_2214_p2           |   icmp   |      0|  0|   13|          13|          11|
    |tmp_i8_96_fu_682_p2         |   icmp   |      0|  0|   29|          52|           1|
    |tmp_i8_fu_676_p2            |   icmp   |      0|  0|   13|          11|           2|
    |tmp_s_fu_632_p2             |   icmp   |      0|  0|   13|          12|           1|
    |brmerge_fu_720_p2           |    or    |      0|  0|    2|           1|           1|
    |or_cond1_fu_2209_p2         |    or    |      0|  0|    2|           1|           1|
    |b_exp_2_fu_778_p3           |  select  |      0|  0|   12|           1|          12|
    |p_5_cast_cast_fu_2241_p3    |  select  |      0|  0|   63|           1|           1|
    |p_Val2_15_fu_888_p3         |  select  |      0|  0|   76|           1|          76|
    |p_Val2_29_fu_2178_p3        |  select  |      0|  0|   58|           1|          58|
    |p_mux_cast_cast_fu_2114_p3  |  select  |      0|  0|   63|           1|          63|
    |r_exp_V_2_fu_2186_p3        |  select  |      0|  0|   13|           1|          13|
    |r_exp_V_3_fu_1825_p3        |  select  |      0|  0|   13|           1|          13|
    |tmp_19_fu_811_p3            |  select  |      0|  0|   54|           1|          54|
    |tmp_40_fu_1819_p3           |  select  |      0|  0|   13|           1|          13|
    |ap_enable_pp0               |    xor   |      0|  0|    2|           1|           2|
    |not_Result_i_fu_658_p2      |    xor   |      0|  0|    2|           1|           2|
    +----------------------------+----------+-------+---+-----+------------+------------+
    |Total                       |          |      0|  0| 4347|        3714|        3844|
    +----------------------------+----------+-------+---+-----+------------+------------+

    * Multiplexer: 
    +--------------------------------------+----+-----------+-----+-----------+
    |                 Name                 | LUT| Input Size| Bits| Total Bits|
    +--------------------------------------+----+-----------+-----+-----------+
    |ap_phi_mux_p_1_in_phi_fu_584_p14      |  15|          3|   64|        192|
    |ap_phi_reg_pp0_iter1_p_1_in_reg_578   |  15|          3|   64|        192|
    |ap_phi_reg_pp0_iter2_p_1_in_reg_578   |   9|          2|   64|        128|
    |ap_phi_reg_pp0_iter81_p_1_in_reg_578  |  15|          3|   64|        192|
    +--------------------------------------+----+-----------+-----+-----------+
    |Total                                 |  54|         11|  256|        704|
    +--------------------------------------+----+-----------+-----+-----------+

    * Register: 
    +--------------------------------------+-----+----+-----+-----------+
    |                 Name                 |  FF | LUT| Bits| Const Bits|
    +--------------------------------------+-----+----+-----+-----------+
    |ap_CS_fsm                             |    1|   0|    1|          0|
    |ap_enable_reg_pp0_iter1               |    1|   0|    1|          0|
    |ap_enable_reg_pp0_iter10              |    1|   0|    1|          0|
    |ap_enable_reg_pp0_iter11              |    1|   0|    1|          0|
    |ap_enable_reg_pp0_iter12              |    1|   0|    1|          0|
    |ap_enable_reg_pp0_iter13              |    1|   0|    1|          0|
    |ap_enable_reg_pp0_iter14              |    1|   0|    1|          0|
    |ap_enable_reg_pp0_iter15              |    1|   0|    1|          0|
    |ap_enable_reg_pp0_iter16              |    1|   0|    1|          0|
    |ap_enable_reg_pp0_iter17              |    1|   0|    1|          0|
    |ap_enable_reg_pp0_iter18              |    1|   0|    1|          0|
    |ap_enable_reg_pp0_iter19              |    1|   0|    1|          0|
    |ap_enable_reg_pp0_iter2               |    1|   0|    1|          0|
    |ap_enable_reg_pp0_iter20              |    1|   0|    1|          0|
    |ap_enable_reg_pp0_iter21              |    1|   0|    1|          0|
    |ap_enable_reg_pp0_iter22              |    1|   0|    1|          0|
    |ap_enable_reg_pp0_iter23              |    1|   0|    1|          0|
    |ap_enable_reg_pp0_iter24              |    1|   0|    1|          0|
    |ap_enable_reg_pp0_iter25              |    1|   0|    1|          0|
    |ap_enable_reg_pp0_iter26              |    1|   0|    1|          0|
    |ap_enable_reg_pp0_iter27              |    1|   0|    1|          0|
    |ap_enable_reg_pp0_iter28              |    1|   0|    1|          0|
    |ap_enable_reg_pp0_iter29              |    1|   0|    1|          0|
    |ap_enable_reg_pp0_iter3               |    1|   0|    1|          0|
    |ap_enable_reg_pp0_iter30              |    1|   0|    1|          0|
    |ap_enable_reg_pp0_iter31              |    1|   0|    1|          0|
    |ap_enable_reg_pp0_iter32              |    1|   0|    1|          0|
    |ap_enable_reg_pp0_iter33              |    1|   0|    1|          0|
    |ap_enable_reg_pp0_iter34              |    1|   0|    1|          0|
    |ap_enable_reg_pp0_iter35              |    1|   0|    1|          0|
    |ap_enable_reg_pp0_iter36              |    1|   0|    1|          0|
    |ap_enable_reg_pp0_iter37              |    1|   0|    1|          0|
    |ap_enable_reg_pp0_iter38              |    1|   0|    1|          0|
    |ap_enable_reg_pp0_iter39              |    1|   0|    1|          0|
    |ap_enable_reg_pp0_iter4               |    1|   0|    1|          0|
    |ap_enable_reg_pp0_iter40              |    1|   0|    1|          0|
    |ap_enable_reg_pp0_iter41              |    1|   0|    1|          0|
    |ap_enable_reg_pp0_iter42              |    1|   0|    1|          0|
    |ap_enable_reg_pp0_iter43              |    1|   0|    1|          0|
    |ap_enable_reg_pp0_iter44              |    1|   0|    1|          0|
    |ap_enable_reg_pp0_iter45              |    1|   0|    1|          0|
    |ap_enable_reg_pp0_iter46              |    1|   0|    1|          0|
    |ap_enable_reg_pp0_iter47              |    1|   0|    1|          0|
    |ap_enable_reg_pp0_iter48              |    1|   0|    1|          0|
    |ap_enable_reg_pp0_iter49              |    1|   0|    1|          0|
    |ap_enable_reg_pp0_iter5               |    1|   0|    1|          0|
    |ap_enable_reg_pp0_iter50              |    1|   0|    1|          0|
    |ap_enable_reg_pp0_iter51              |    1|   0|    1|          0|
    |ap_enable_reg_pp0_iter52              |    1|   0|    1|          0|
    |ap_enable_reg_pp0_iter53              |    1|   0|    1|          0|
    |ap_enable_reg_pp0_iter54              |    1|   0|    1|          0|
    |ap_enable_reg_pp0_iter55              |    1|   0|    1|          0|
    |ap_enable_reg_pp0_iter56              |    1|   0|    1|          0|
    |ap_enable_reg_pp0_iter57              |    1|   0|    1|          0|
    |ap_enable_reg_pp0_iter58              |    1|   0|    1|          0|
    |ap_enable_reg_pp0_iter59              |    1|   0|    1|          0|
    |ap_enable_reg_pp0_iter6               |    1|   0|    1|          0|
    |ap_enable_reg_pp0_iter60              |    1|   0|    1|          0|
    |ap_enable_reg_pp0_iter61              |    1|   0|    1|          0|
    |ap_enable_reg_pp0_iter62              |    1|   0|    1|          0|
    |ap_enable_reg_pp0_iter63              |    1|   0|    1|          0|
    |ap_enable_reg_pp0_iter64              |    1|   0|    1|          0|
    |ap_enable_reg_pp0_iter65              |    1|   0|    1|          0|
    |ap_enable_reg_pp0_iter66              |    1|   0|    1|          0|
    |ap_enable_reg_pp0_iter67              |    1|   0|    1|          0|
    |ap_enable_reg_pp0_iter68              |    1|   0|    1|          0|
    |ap_enable_reg_pp0_iter69              |    1|   0|    1|          0|
    |ap_enable_reg_pp0_iter7               |    1|   0|    1|          0|
    |ap_enable_reg_pp0_iter70              |    1|   0|    1|          0|
    |ap_enable_reg_pp0_iter71              |    1|   0|    1|          0|
    |ap_enable_reg_pp0_iter72              |    1|   0|    1|          0|
    |ap_enable_reg_pp0_iter73              |    1|   0|    1|          0|
    |ap_enable_reg_pp0_iter74              |    1|   0|    1|          0|
    |ap_enable_reg_pp0_iter75              |    1|   0|    1|          0|
    |ap_enable_reg_pp0_iter76              |    1|   0|    1|          0|
    |ap_enable_reg_pp0_iter77              |    1|   0|    1|          0|
    |ap_enable_reg_pp0_iter78              |    1|   0|    1|          0|
    |ap_enable_reg_pp0_iter79              |    1|   0|    1|          0|
    |ap_enable_reg_pp0_iter8               |    1|   0|    1|          0|
    |ap_enable_reg_pp0_iter80              |    1|   0|    1|          0|
    |ap_enable_reg_pp0_iter81              |    1|   0|    1|          0|
    |ap_enable_reg_pp0_iter9               |    1|   0|    1|          0|
    |ap_phi_reg_pp0_iter10_p_1_in_reg_578  |   64|   0|   64|          0|
    |ap_phi_reg_pp0_iter11_p_1_in_reg_578  |   64|   0|   64|          0|
    |ap_phi_reg_pp0_iter12_p_1_in_reg_578  |   64|   0|   64|          0|
    |ap_phi_reg_pp0_iter13_p_1_in_reg_578  |   64|   0|   64|          0|
    |ap_phi_reg_pp0_iter14_p_1_in_reg_578  |   64|   0|   64|          0|
    |ap_phi_reg_pp0_iter15_p_1_in_reg_578  |   64|   0|   64|          0|
    |ap_phi_reg_pp0_iter16_p_1_in_reg_578  |   64|   0|   64|          0|
    |ap_phi_reg_pp0_iter17_p_1_in_reg_578  |   64|   0|   64|          0|
    |ap_phi_reg_pp0_iter18_p_1_in_reg_578  |   64|   0|   64|          0|
    |ap_phi_reg_pp0_iter19_p_1_in_reg_578  |   64|   0|   64|          0|
    |ap_phi_reg_pp0_iter1_p_1_in_reg_578   |   64|   0|   64|          0|
    |ap_phi_reg_pp0_iter20_p_1_in_reg_578  |   64|   0|   64|          0|
    |ap_phi_reg_pp0_iter21_p_1_in_reg_578  |   64|   0|   64|          0|
    |ap_phi_reg_pp0_iter22_p_1_in_reg_578  |   64|   0|   64|          0|
    |ap_phi_reg_pp0_iter23_p_1_in_reg_578  |   64|   0|   64|          0|
    |ap_phi_reg_pp0_iter24_p_1_in_reg_578  |   64|   0|   64|          0|
    |ap_phi_reg_pp0_iter25_p_1_in_reg_578  |   64|   0|   64|          0|
    |ap_phi_reg_pp0_iter26_p_1_in_reg_578  |   64|   0|   64|          0|
    |ap_phi_reg_pp0_iter27_p_1_in_reg_578  |   64|   0|   64|          0|
    |ap_phi_reg_pp0_iter28_p_1_in_reg_578  |   64|   0|   64|          0|
    |ap_phi_reg_pp0_iter29_p_1_in_reg_578  |   64|   0|   64|          0|
    |ap_phi_reg_pp0_iter2_p_1_in_reg_578   |   64|   0|   64|          0|
    |ap_phi_reg_pp0_iter30_p_1_in_reg_578  |   64|   0|   64|          0|
    |ap_phi_reg_pp0_iter31_p_1_in_reg_578  |   64|   0|   64|          0|
    |ap_phi_reg_pp0_iter32_p_1_in_reg_578  |   64|   0|   64|          0|
    |ap_phi_reg_pp0_iter33_p_1_in_reg_578  |   64|   0|   64|          0|
    |ap_phi_reg_pp0_iter34_p_1_in_reg_578  |   64|   0|   64|          0|
    |ap_phi_reg_pp0_iter35_p_1_in_reg_578  |   64|   0|   64|          0|
    |ap_phi_reg_pp0_iter36_p_1_in_reg_578  |   64|   0|   64|          0|
    |ap_phi_reg_pp0_iter37_p_1_in_reg_578  |   64|   0|   64|          0|
    |ap_phi_reg_pp0_iter38_p_1_in_reg_578  |   64|   0|   64|          0|
    |ap_phi_reg_pp0_iter39_p_1_in_reg_578  |   64|   0|   64|          0|
    |ap_phi_reg_pp0_iter3_p_1_in_reg_578   |   64|   0|   64|          0|
    |ap_phi_reg_pp0_iter40_p_1_in_reg_578  |   64|   0|   64|          0|
    |ap_phi_reg_pp0_iter41_p_1_in_reg_578  |   64|   0|   64|          0|
    |ap_phi_reg_pp0_iter42_p_1_in_reg_578  |   64|   0|   64|          0|
    |ap_phi_reg_pp0_iter43_p_1_in_reg_578  |   64|   0|   64|          0|
    |ap_phi_reg_pp0_iter44_p_1_in_reg_578  |   64|   0|   64|          0|
    |ap_phi_reg_pp0_iter45_p_1_in_reg_578  |   64|   0|   64|          0|
    |ap_phi_reg_pp0_iter46_p_1_in_reg_578  |   64|   0|   64|          0|
    |ap_phi_reg_pp0_iter47_p_1_in_reg_578  |   64|   0|   64|          0|
    |ap_phi_reg_pp0_iter48_p_1_in_reg_578  |   64|   0|   64|          0|
    |ap_phi_reg_pp0_iter49_p_1_in_reg_578  |   64|   0|   64|          0|
    |ap_phi_reg_pp0_iter4_p_1_in_reg_578   |   64|   0|   64|          0|
    |ap_phi_reg_pp0_iter50_p_1_in_reg_578  |   64|   0|   64|          0|
    |ap_phi_reg_pp0_iter51_p_1_in_reg_578  |   64|   0|   64|          0|
    |ap_phi_reg_pp0_iter52_p_1_in_reg_578  |   64|   0|   64|          0|
    |ap_phi_reg_pp0_iter53_p_1_in_reg_578  |   64|   0|   64|          0|
    |ap_phi_reg_pp0_iter54_p_1_in_reg_578  |   64|   0|   64|          0|
    |ap_phi_reg_pp0_iter55_p_1_in_reg_578  |   64|   0|   64|          0|
    |ap_phi_reg_pp0_iter56_p_1_in_reg_578  |   64|   0|   64|          0|
    |ap_phi_reg_pp0_iter57_p_1_in_reg_578  |   64|   0|   64|          0|
    |ap_phi_reg_pp0_iter58_p_1_in_reg_578  |   64|   0|   64|          0|
    |ap_phi_reg_pp0_iter59_p_1_in_reg_578  |   64|   0|   64|          0|
    |ap_phi_reg_pp0_iter5_p_1_in_reg_578   |   64|   0|   64|          0|
    |ap_phi_reg_pp0_iter60_p_1_in_reg_578  |   64|   0|   64|          0|
    |ap_phi_reg_pp0_iter61_p_1_in_reg_578  |   64|   0|   64|          0|
    |ap_phi_reg_pp0_iter62_p_1_in_reg_578  |   64|   0|   64|          0|
    |ap_phi_reg_pp0_iter63_p_1_in_reg_578  |   64|   0|   64|          0|
    |ap_phi_reg_pp0_iter64_p_1_in_reg_578  |   64|   0|   64|          0|
    |ap_phi_reg_pp0_iter65_p_1_in_reg_578  |   64|   0|   64|          0|
    |ap_phi_reg_pp0_iter66_p_1_in_reg_578  |   64|   0|   64|          0|
    |ap_phi_reg_pp0_iter67_p_1_in_reg_578  |   64|   0|   64|          0|
    |ap_phi_reg_pp0_iter68_p_1_in_reg_578  |   64|   0|   64|          0|
    |ap_phi_reg_pp0_iter69_p_1_in_reg_578  |   64|   0|   64|          0|
    |ap_phi_reg_pp0_iter6_p_1_in_reg_578   |   64|   0|   64|          0|
    |ap_phi_reg_pp0_iter70_p_1_in_reg_578  |   64|   0|   64|          0|
    |ap_phi_reg_pp0_iter71_p_1_in_reg_578  |   64|   0|   64|          0|
    |ap_phi_reg_pp0_iter72_p_1_in_reg_578  |   64|   0|   64|          0|
    |ap_phi_reg_pp0_iter73_p_1_in_reg_578  |   64|   0|   64|          0|
    |ap_phi_reg_pp0_iter74_p_1_in_reg_578  |   64|   0|   64|          0|
    |ap_phi_reg_pp0_iter75_p_1_in_reg_578  |   64|   0|   64|          0|
    |ap_phi_reg_pp0_iter76_p_1_in_reg_578  |   64|   0|   64|          0|
    |ap_phi_reg_pp0_iter77_p_1_in_reg_578  |   64|   0|   64|          0|
    |ap_phi_reg_pp0_iter78_p_1_in_reg_578  |   64|   0|   64|          0|
    |ap_phi_reg_pp0_iter79_p_1_in_reg_578  |   64|   0|   64|          0|
    |ap_phi_reg_pp0_iter7_p_1_in_reg_578   |   64|   0|   64|          0|
    |ap_phi_reg_pp0_iter80_p_1_in_reg_578  |   64|   0|   64|          0|
    |ap_phi_reg_pp0_iter81_p_1_in_reg_578  |   64|   0|   64|          0|
    |ap_phi_reg_pp0_iter8_p_1_in_reg_578   |   64|   0|   64|          0|
    |ap_phi_reg_pp0_iter9_p_1_in_reg_578   |   64|   0|   64|          0|
    |b_exp_2_reg_2310                      |   12|   0|   12|          0|
    |b_frac_tilde_inverse_reg_2330         |    6|   0|    6|          0|
    |brmerge_reg_2293                      |    1|   0|    1|          0|
    |exp_Z1P_m_1_V_reg_2898                |   50|   0|   50|          0|
    |loc_V_4_reg_2278                      |   52|   0|   52|          0|
    |loc_V_5_reg_2941                      |   52|   0|   52|          0|
    |log_sum_V_1_reg_2703                  |  109|   0|  109|          0|
    |log_sum_V_reg_2642                    |  109|   0|  109|          0|
    |m_diff_hi_V_reg_2793                  |    8|   0|    8|          0|
    |or_cond1_reg_2933                     |    1|   0|    1|          0|
    |p_Val2_102_reg_2513                   |   82|   0|   82|          0|
    |p_Val2_104_reg_2550                   |   77|   0|   77|          0|
    |p_Val2_106_reg_2698                   |   90|   0|   90|          0|
    |p_Val2_108_reg_2719                   |  122|   0|  122|          0|
    |p_Val2_109_reg_2734                   |  123|   0|  123|          0|
    |p_Val2_111_reg_2810                   |   35|   0|   35|          0|
    |p_Val2_112_reg_2831                   |   26|   0|   26|          0|
    |p_Val2_113_reg_2805                   |    8|   0|    8|          0|
    |p_Val2_113_reg_2805_pp0_iter62_reg    |    8|   0|    8|          0|
    |p_Val2_116_reg_2798                   |    8|   0|    8|          0|
    |p_Val2_117_reg_2893                   |   58|   0|   58|          0|
    |p_Val2_121_reg_2376                   |    6|   0|    6|          0|
    |p_Val2_122_reg_2408                   |    6|   0|    6|          0|
    |p_Val2_123_reg_2445                   |    6|   0|    6|          0|
    |p_Val2_124_reg_2482                   |    6|   0|    6|          0|
    |p_Val2_125_reg_2519                   |    6|   0|    6|          0|
    |p_Val2_126_reg_2556                   |    6|   0|    6|          0|
    |p_Val2_12_reg_2365                    |   75|   0|   75|          0|
    |p_Val2_17_reg_2739                    |   71|   0|   71|          0|
    |p_Val2_18_reg_2744                    |   16|   0|   16|          0|
    |p_Val2_1_reg_2340                     |   54|   0|   54|          0|
    |p_Val2_21_reg_2788                    |   71|   0|   71|          0|
    |p_Val2_25_reg_2918                    |   59|   0|   59|          0|
    |p_Val2_26_reg_2923                    |  100|   0|  100|          0|
    |p_Val2_32_reg_2397                    |   79|   0|   79|          0|
    |p_Val2_35_reg_2419                    |  101|   0|  102|          1|
    |p_Val2_37_reg_2434                    |   89|   0|   89|          0|
    |p_Val2_39_i_i_reg_2402                |   82|   0|   82|          0|
    |p_Val2_43_reg_2456                    |  121|   0|  121|          0|
    |p_Val2_44_reg_2471                    |   98|   0|   98|          0|
    |p_Val2_50_reg_2493                    |  126|   0|  126|          0|
    |p_Val2_51_reg_2508                    |   93|   0|   93|          0|
    |p_Val2_54_reg_2861                    |   44|   0|   44|          0|
    |p_Val2_57_reg_2530                    |  131|   0|  131|          0|
    |p_Val2_58_reg_2545                    |   88|   0|   88|          0|
    |p_Val2_64_reg_2567                    |  136|   0|  136|          0|
    |p_Val2_65_reg_2587                    |   83|   0|   83|          0|
    |p_Val2_85_reg_2647                    |  105|   0|  105|          0|
    |p_Val2_86_reg_2370                    |   73|   0|   73|          0|
    |p_Val2_89_reg_2652                    |  102|   0|  102|          0|
    |p_Val2_95_reg_2657                    |   97|   0|   97|          0|
    |p_Val2_96_reg_2439                    |   92|   0|   92|          0|
    |p_Val2_97_reg_2662                    |   92|   0|   92|          0|
    |p_Val2_98_reg_2476                    |   87|   0|   87|          0|
    |p_Val2_99_reg_2667                    |   87|   0|   87|          0|
    |p_Val2_s_reg_2349                     |    4|   0|    4|          0|
    |r_V_6_reg_2759                        |   31|   0|   31|          0|
    |r_V_7_reg_2825                        |   36|   0|   36|          0|
    |r_exp_V_3_reg_2776                    |   13|   0|   13|          0|
    |ssdm_int_V_write_ass_7_reg_2637       |   40|   0|   40|          0|
    |tmp10_reg_2693                        |   93|   0|   93|          0|
    |tmp12_reg_2672                        |   83|   0|   83|          0|
    |tmp8_reg_2683                         |  109|   0|  109|          0|
    |tmp9_reg_2688                         |  103|   0|  103|          0|
    |tmp_10_i_reg_2836                     |   34|   0|   43|          9|
    |tmp_10_reg_2451                       |   86|   0|   86|          0|
    |tmp_15_reg_2297                       |    1|   0|    1|          0|
    |tmp_17_reg_2301                       |    1|   0|    1|          0|
    |tmp_19_reg_2325                       |   54|   0|   54|          0|
    |tmp_20_reg_2315                       |    6|   0|   64|         58|
    |tmp_21_reg_2488                       |   81|   0|   81|          0|
    |tmp_22_reg_2708                       |   79|   0|   79|          0|
    |tmp_24_reg_2525                       |   76|   0|   76|          0|
    |tmp_25_reg_2713                       |   73|   0|   73|          0|
    |tmp_30_reg_2562                       |   71|   0|   71|          0|
    |tmp_32_reg_2632                       |   72|   0|   72|          0|
    |tmp_37_not_reg_2288                   |    1|   0|    1|          0|
    |tmp_37_reg_2764                       |   13|   0|   13|          0|
    |tmp_38_reg_2771                       |    1|   0|    1|          0|
    |tmp_44_reg_2851                       |   20|   0|   20|          0|
    |tmp_45_reg_2867                       |   40|   0|   40|          0|
    |tmp_46_reg_2888                       |   36|   0|   36|          0|
    |tmp_47_reg_2903                       |   50|   0|   50|          0|
    |tmp_52_reg_2754                       |    1|   0|    1|          0|
    |tmp_53_reg_2937                       |    1|   0|    1|          0|
    |tmp_58_reg_2305                       |    1|   0|    1|          0|
    |tmp_61_reg_2414                       |   76|   0|   76|          0|
    |tmp_62_reg_2724                       |  121|   0|  121|          0|
    |tmp_63_reg_2729                       |  120|   0|  120|          0|
    |tmp_64_reg_2749                       |    1|   0|    1|          0|
    |tmp_71_reg_2946                       |   11|   0|   11|          0|
    |tmp_8_reg_2382                        |   67|   0|   67|          0|
    |x_is_p1_reg_2284                      |    1|   0|    1|          0|
    |b_exp_2_reg_2310                      |   64|  64|   12|          0|
    |brmerge_reg_2293                      |   64|  96|    1|          0|
    |m_diff_hi_V_reg_2793                  |   64|  32|    8|          0|
    |p_Val2_109_reg_2734                   |    5|   2|  123|          0|
    |p_Val2_116_reg_2798                   |   64|  32|    8|          0|
    |p_Val2_117_reg_2893                   |    2|   1|   58|          0|
    |p_Val2_121_reg_2376                   |   64|  56|    6|          0|
    |p_Val2_122_reg_2408                   |   64|  32|    6|          0|
    |p_Val2_123_reg_2445                   |   64|  32|    6|          0|
    |p_Val2_124_reg_2482                   |   64|  32|    6|          0|
    |p_Val2_125_reg_2519                   |   64|  32|    6|          0|
    |p_Val2_126_reg_2556                   |   64|  32|    6|          0|
    |p_Val2_17_reg_2739                    |    3|   1|   71|          0|
    |p_Val2_1_reg_2340                     |    3|   1|   54|          0|
    |p_Val2_35_reg_2419                    |    2|   1|  102|          1|
    |p_Val2_43_reg_2456                    |    2|   1|  121|          0|
    |p_Val2_50_reg_2493                    |    2|   1|  126|          0|
    |p_Val2_54_reg_2861                    |    3|   1|   44|          0|
    |p_Val2_57_reg_2530                    |    2|   1|  131|          0|
    |p_Val2_64_reg_2567                    |    2|   1|  136|          0|
    |p_Val2_86_reg_2370                    |    3|   1|   73|          0|
    |p_Val2_s_reg_2349                     |   64|  64|    4|          0|
    |r_V_7_reg_2825                        |   64|  32|   36|          0|
    |r_exp_V_3_reg_2776                    |   64|  32|   13|          0|
    |tmp_10_i_reg_2836                     |   64|  32|   43|          9|
    |tmp_15_reg_2297                       |   64|  96|    1|          0|
    |tmp_17_reg_2301                       |   64|  96|    1|          0|
    |tmp_20_reg_2315                       |   64|  64|   64|         58|
    |tmp_32_reg_2632                       |    2|   1|   72|          0|
    |tmp_37_not_reg_2288                   |   64|  96|    1|          0|
    |tmp_45_reg_2867                       |    3|   1|   40|          0|
    |tmp_52_reg_2754                       |   64|  32|    1|          0|
    |tmp_8_reg_2382                        |    3|   1|   67|          0|
    |x_is_p1_reg_2284                      |   64|  96|    1|          0|
    +--------------------------------------+-----+----+-----+-----------+
    |Total                                 |11815|1095|12014|        136|
    +--------------------------------------+-----+----+-----+-----------+



================================================================
== Interface
================================================================
* Summary: 
+-----------+-----+-----+------------+---------------------+--------------+
| RTL Ports | Dir | Bits|  Protocol  |    Source Object    |    C Type    |
+-----------+-----+-----+------------+---------------------+--------------+
|ap_clk     |  in |    1| ap_ctrl_hs | pow_generic<double> | return value |
|ap_rst     |  in |    1| ap_ctrl_hs | pow_generic<double> | return value |
|ap_start   |  in |    1| ap_ctrl_hs | pow_generic<double> | return value |
|ap_done    | out |    1| ap_ctrl_hs | pow_generic<double> | return value |
|ap_idle    | out |    1| ap_ctrl_hs | pow_generic<double> | return value |
|ap_ready   | out |    1| ap_ctrl_hs | pow_generic<double> | return value |
|ap_return  | out |   64| ap_ctrl_hs | pow_generic<double> | return value |
|base_r     |  in |   64|   ap_none  |        base_r       |    scalar    |
+-----------+-----+-----+------------+---------------------+--------------+

