

================================================================
== Vivado HLS Report for 'sin_or_cos_double_s'
================================================================
* Date:           Tue May 14 06:37:21 2019

* Version:        2018.2 (Build 2258646 on Thu Jun 14 20:25:20 MDT 2018)
* Project:        met_test1
* Solution:       solution1
* Product family: virtex7
* Target device:  xc7vx690tffg1927-2


================================================================
== Performance Estimates
================================================================
+ Timing (ns): 
    * Summary: 
    +--------+-------+----------+------------+
    |  Clock | Target| Estimated| Uncertainty|
    +--------+-------+----------+------------+
    |ap_clk  |   5.00|     4.289|        0.62|
    +--------+-------+----------+------------+

+ Latency (clock cycles): 
    * Summary: 
    +-----+-----+-----+-----+---------+
    |  Latency  |  Interval | Pipeline|
    | min | max | min | max |   Type  |
    +-----+-----+-----+-----+---------+
    |   51|   59|   51|   59|   none  |
    +-----+-----+-----+-----+---------+

    + Detail: 
        * Instance: 
        +------------------------------+-------------------+-----+-----+-----+-----+---------+
        |                              |                   |  Latency  |  Interval | Pipeline|
        |           Instance           |       Module      | min | max | min | max |   Type  |
        +------------------------------+-------------------+-----+-----+-----+-----+---------+
        |grp_scaled_fixed2ieee_fu_268  |scaled_fixed2ieee  |   19|   27|   19|   27|   none  |
        +------------------------------+-------------------+-----+-----+-----+-----+---------+

        * Loop: 
        N/A



================================================================
== Utilization Estimates
================================================================
* Summary: 
+-----------------+---------+-------+--------+--------+
|       Name      | BRAM_18K| DSP48E|   FF   |   LUT  |
+-----------------+---------+-------+--------+--------+
|DSP              |        -|      -|       -|       -|
|Expression       |        -|      -|      73|    2931|
|FIFO             |        -|      -|       -|       -|
|Instance         |        -|     86|    3789|    3100|
|Memory           |        8|      -|     213|     852|
|Multiplexer      |        -|      -|       -|     153|
|Register         |        -|      -|    1942|       -|
+-----------------+---------+-------+--------+--------+
|Total            |        8|     86|    6017|    7036|
+-----------------+---------+-------+--------+--------+
|Available        |     2940|   3600|  866400|  433200|
+-----------------+---------+-------+--------+--------+
|Utilization (%)  |    ~0   |      2|   ~0   |       1|
+-----------------+---------+-------+--------+--------+

+ Detail: 
    * Instance: 
    +------------------------------+----------------------+---------+-------+-----+------+
    |           Instance           |        Module        | BRAM_18K| DSP48E|  FF |  LUT |
    +------------------------------+----------------------+---------+-------+-----+------+
    |MET_hw_mul_170ns_ibs_U6       |MET_hw_mul_170ns_ibs  |        0|     16|  441|   256|
    |MET_hw_mul_35ns_2ncg_U14      |MET_hw_mul_35ns_2ncg  |        0|      4|  199|    69|
    |MET_hw_mul_42ns_3mb6_U13      |MET_hw_mul_42ns_3mb6  |        0|      5|  206|    96|
    |MET_hw_mul_49ns_4jbC_U7       |MET_hw_mul_49ns_4jbC  |        0|      9|  334|    84|
    |MET_hw_mul_49ns_4jbC_U9       |MET_hw_mul_49ns_4jbC  |        0|      9|  334|    84|
    |MET_hw_mul_49ns_4jbC_U10      |MET_hw_mul_49ns_4jbC  |        0|      9|  334|    84|
    |MET_hw_mul_49ns_4lbW_U12      |MET_hw_mul_49ns_4lbW  |        0|      9|  334|    84|
    |MET_hw_mul_56ns_5kbM_U11      |MET_hw_mul_56ns_5kbM  |        0|      9|  345|   207|
    |MET_hw_mul_64s_63ocq_U15      |MET_hw_mul_64s_63ocq  |        0|     16|  441|   256|
    |MET_hw_mux_164_1_pcA_U16      |MET_hw_mux_164_1_pcA  |        0|      0|    0|    65|
    |MET_hw_mux_164_1_pcA_U17      |MET_hw_mux_164_1_pcA  |        0|      0|    0|    65|
    |MET_hw_mux_83_1_1_1_U8        |MET_hw_mux_83_1_1_1   |        0|      0|    0|    65|
    |grp_scaled_fixed2ieee_fu_268  |scaled_fixed2ieee     |        0|      0|  821|  1685|
    +------------------------------+----------------------+---------+-------+-----+------+
    |Total                         |                      |        0|     86| 3789|  3100|
    +------------------------------+----------------------+---------+-------+-----+------+

    * DSP48: 
    N/A

    * Memory: 
    +-------------------------+----------------------+---------+----+-----+------+-----+------+-------------+
    |          Memory         |        Module        | BRAM_18K| FF | LUT | Words| Bits| Banks| W*Bits*Banks|
    +-------------------------+----------------------+---------+----+-----+------+-----+------+-------------+
    |ref_4oPi_table_256_V_U   |sin_or_cos_doublecud  |        8|   0|    0|    10|  256|     1|         2560|
    |fourth_order_double_4_U  |sin_or_cos_doubledEe  |        0|  59|  236|   256|   59|     1|        15104|
    |fourth_order_double_5_U  |sin_or_cos_doubleeOg  |        0|  52|  208|   256|   52|     1|        13312|
    |fourth_order_double_6_U  |sin_or_cos_doublefYi  |        0|  44|  176|   256|   44|     1|        11264|
    |fourth_order_double_7_U  |sin_or_cos_doubleg8j  |        0|  33|  132|   256|   33|     1|         8448|
    |fourth_order_double_s_U  |sin_or_cos_doublehbi  |        0|  25|  100|   256|   25|     1|         6400|
    +-------------------------+----------------------+---------+----+-----+------+-----+------+-------------+
    |Total                    |                      |        8| 213|  852|  1290|  469|     6|        57088|
    +-------------------------+----------------------+---------+----+-----+------+-----+------+-------------+

    * FIFO: 
    N/A

    * Expression: 
    +---------------------------------+----------+-------+----+-----+------------+------------+
    |          Variable Name          | Operation| DSP48E| FF | LUT | Bitwidth P0| Bitwidth P1|
    +---------------------------------+----------+-------+----+-----+------------+------------+
    |expv_op_fu_306_p2                |     +    |      0|   0|   18|          11|          11|
    |p_Val2_32_fu_774_p2              |     +    |      0|   0|  109|          64|          64|
    |p_Val2_33_fu_783_p2              |     +    |      0|   0|  109|          64|          64|
    |p_Val2_34_fu_830_p2              |     +    |      0|   0|  109|          64|          64|
    |r_V_3_fu_838_p2                  |     +    |      0|   0|  109|          64|          64|
    |tmp_i_fu_471_p2                  |     +    |      0|   0|   18|          11|          11|
    |Ex_V_fu_504_p2                   |     -    |      0|   0|   18|          11|          11|
    |p_Val2_i_fu_412_p2               |     -    |      0|   0|  131|           1|         124|
    |r_V_fu_877_p2                    |     -    |      0|   0|   19|           1|          12|
    |tmp_20_i_fu_531_p2               |     -    |      0|   0|   19|           1|          12|
    |not_or_cond_demorgan_fu_1054_p2  |    and   |      0|   0|    2|           1|           1|
    |or_cond_fu_998_p2                |    and   |      0|   0|    2|           1|           1|
    |p_Result_s_fu_1002_p2            |    and   |      0|   0|    2|           1|           1|
    |tmp_i3_i_fu_459_p3               |   cttz   |      0|  73|   71|          64|           0|
    |closepath_fu_300_p2              |   icmp   |      0|   0|   13|          11|          10|
    |tmp_6_fu_518_p2                  |   icmp   |      0|   0|   13|          11|           1|
    |tmp_7_fu_377_p2                  |   icmp   |      0|   0|   29|          52|           1|
    |tmp_8_fu_523_p2                  |   icmp   |      0|   0|   13|          11|           2|
    |tmp_22_i_fu_552_p2               |   lshr   |      0|   0|  180|          63|          63|
    |tmp_10_fu_1072_p2                |    or    |      0|   0|    2|           1|           1|
    |tmp_9_fu_1018_p2                 |    or    |      0|   0|    2|           1|           1|
    |Mx_V_read_assign_fu_820_p3       |  select  |      0|   0|   63|           1|           2|
    |addr_V_fu_312_p3                 |  select  |      0|   0|   11|           1|           7|
    |cos_basis_fu_814_p3              |  select  |      0|   0|    2|           1|           1|
    |p_Ex_V_ret_fu_856_p3             |  select  |      0|   0|   11|           1|           1|
    |p_Result_1_cast_fu_1064_p3       |  select  |      0|   0|    2|           1|           2|
    |p_Result_s_91_fu_1023_p3         |  select  |      0|   0|    2|           1|           1|
    |p_Result_s_92_fu_1031_p3         |  select  |      0|   0|   11|           1|           2|
    |p_Result_s_93_fu_1038_p3         |  select  |      0|   0|    2|           1|           1|
    |p_Val2_25_fu_562_p3              |  select  |      0|   0|   63|           1|          63|
    |p_Val2_40_fu_402_p3              |  select  |      0|   0|    3|           1|           1|
    |p_Val2_7_fu_417_p3               |  select  |      0|   0|  124|           1|         124|
    |p_cast_cast_fu_1006_p3           |  select  |      0|   0|   10|           1|          10|
    |ret_V_6_fu_1046_p3               |  select  |      0|   0|   11|           1|          11|
    |ret_V_7_fu_1077_p3               |  select  |      0|   0|   52|           1|          52|
    |sh_assign_fu_537_p3              |  select  |      0|   0|   12|           1|          12|
    |storemerge_i_fu_476_p3           |  select  |      0|   0|   11|           1|          11|
    |tmp_5_fu_991_p3                  |  select  |      0|   0|    2|           1|           1|
    |p_Val2_9_fu_486_p2               |    shl   |      0|   0|  411|         124|         124|
    |r_V_4_fu_342_p2                  |    shl   |      0|   0|  950|         256|         256|
    |tmp_23_i_fu_557_p2               |    shl   |      0|   0|  180|          63|          63|
    |not_do_cos_i_fu_623_p2           |    xor   |      0|   0|    2|           1|           2|
    |not_or_cond_fu_1058_p2           |    xor   |      0|   0|    2|           1|           2|
    |not_tmp_s_fu_1013_p2             |    xor   |      0|   0|    2|           1|           2|
    |sin_basis_fu_629_p2              |    xor   |      0|   0|    2|           1|           1|
    |tmp_s_fu_809_p2                  |    xor   |      0|   0|    2|           1|           2|
    +---------------------------------+----------+-------+----+-----+------------+------------+
    |Total                            |          |      0|  73| 2931|         974|        1273|
    +---------------------------------+----------+-------+----+-----+------------+------------+

    * Multiplexer: 
    +-----------+-----+-----------+-----+-----------+
    |    Name   | LUT | Input Size| Bits| Total Bits|
    +-----------+-----+-----------+-----+-----------+
    |ap_NS_fsm  |  153|         34|    1|         34|
    +-----------+-----+-----------+-----+-----------+
    |Total      |  153|         34|    1|         34|
    +-----------+-----+-----------+-----+-----------+

    * Register: 
    +-------------------------------------------+-----+----+-----+-----------+
    |                    Name                   |  FF | LUT| Bits| Const Bits|
    +-------------------------------------------+-----+----+-----+-----------+
    |Ex_V_reg_1200                              |   11|   0|   11|          0|
    |Mx_V_read_assign_reg_1416                  |   63|   0|   63|          0|
    |Mx_V_reg_1193                              |   63|   0|   63|          0|
    |Mx_zeros_V_reg_1187                        |    6|   0|    6|          0|
    |OP1_V_reg_1241                             |   49|   0|   98|         49|
    |ap_CS_fsm                                  |   33|   0|   33|          0|
    |closepath_reg_1118                         |    1|   0|    1|          0|
    |cos_basis_reg_1410                         |    1|   0|    1|          0|
    |fourth_order_double_10_reg_1288            |   52|   0|   52|          0|
    |fourth_order_double_12_reg_1293            |   44|   0|   44|          0|
    |fourth_order_double_14_reg_1365            |   33|   0|   33|          0|
    |fourth_order_double_16_reg_1370            |   25|   0|   25|          0|
    |grp_scaled_fixed2ieee_fu_268_ap_start_reg  |    1|   0|    1|          0|
    |isNeg_reg_1206                             |    1|   0|    1|          0|
    |loc_V_1_reg_1112                           |   52|   0|   52|          0|
    |loc_V_reg_1105                             |   11|   0|   11|          0|
    |not_do_cos_i_reg_1260                      |    1|   0|    1|          0|
    |p_Result_19_reg_1099                       |    1|   0|    1|          0|
    |p_Result_i2_i_reg_1182                     |   61|   0|   61|          0|
    |p_Result_i_reg_1226                        |    7|   0|    7|          0|
    |p_Val2_26_reg_1231                         |   56|   0|   56|          0|
    |p_Val2_30_reg_1350                         |   59|   0|   59|          0|
    |p_Val2_33_reg_1395                         |   64|   0|   64|          0|
    |p_Val2_40_reg_1171                         |    3|   0|    3|          0|
    |p_Val2_5_reg_1160                          |  124|   0|  124|          0|
    |p_Val2_7_reg_1177                          |  124|   0|  124|          0|
    |r_V_3_reg_1421                             |   64|   0|   64|          0|
    |r_V_reg_1441                               |   12|   0|   12|          0|
    |result_V_reg_1436                          |   63|   0|   63|          0|
    |resultf_reg_1446                           |   64|   0|   64|          0|
    |ret_V_reg_1139                             |  170|   0|  170|          0|
    |table_256_V_reg_1134                       |  256|   0|  256|          0|
    |tmp_13_reg_1129                            |    7|   0|    7|          0|
    |tmp_14_i_reg_1166                          |    3|   0|    3|          0|
    |tmp_190_i_reg_1282                         |   49|   0|   49|          0|
    |tmp_192_i_reg_1340                         |   42|   0|   42|          0|
    |tmp_194_i_reg_1345                         |   35|   0|   35|          0|
    |tmp_195_i_reg_1265                         |    8|   0|   64|         56|
    |tmp_1_reg_1400                             |   37|   0|   37|          0|
    |tmp_2_reg_1405                             |   29|   0|   29|          0|
    |tmp_33_i_reg_1355                          |   56|   0|   56|          0|
    |tmp_35_i_reg_1360                          |   48|   0|   48|          0|
    |tmp_6_reg_1212                             |    1|   0|    1|          0|
    |tmp_7_reg_1154                             |    1|   0|    1|          0|
    |tmp_8_reg_1218                             |    1|   0|    1|          0|
    |tmp_i1_reg_1236                            |   49|   0|   49|          0|
    |tmp_reg_1254                               |    1|   0|    1|          0|
    +-------------------------------------------+-----+----+-----+-----------+
    |Total                                      | 1942|   0| 2047|        105|
    +-------------------------------------------+-----+----+-----+-----------+



================================================================
== Interface
================================================================
* Summary: 
+-----------+-----+-----+------------+--------------------+--------------+
| RTL Ports | Dir | Bits|  Protocol  |    Source Object   |    C Type    |
+-----------+-----+-----+------------+--------------------+--------------+
|ap_clk     |  in |    1| ap_ctrl_hs | sin_or_cos<double> | return value |
|ap_rst     |  in |    1| ap_ctrl_hs | sin_or_cos<double> | return value |
|ap_start   |  in |    1| ap_ctrl_hs | sin_or_cos<double> | return value |
|ap_done    | out |    1| ap_ctrl_hs | sin_or_cos<double> | return value |
|ap_idle    | out |    1| ap_ctrl_hs | sin_or_cos<double> | return value |
|ap_ready   | out |    1| ap_ctrl_hs | sin_or_cos<double> | return value |
|ap_return  | out |   64| ap_ctrl_hs | sin_or_cos<double> | return value |
|t_in       |  in |   64|   ap_none  |        t_in        |    scalar    |
|do_cos     |  in |    1|   ap_none  |       do_cos       |    scalar    |
+-----------+-----+-----+------------+--------------------+--------------+

